// Vitest Snapshot v1, https://vitest.dev/guide/snapshot.html

exports[`Hero snapshots > matches the landing page hero section 1`] = `
<DocumentFragment>
  <header
    class="pt-32 pb-20 px-8 bg-primary-container relative overflow-hidden"
  >
    <div
      class="max-w-7xl mx-auto grid lg:grid-cols-2 gap-16 items-center"
    >
      <div
        class="z-10"
      >
        <div
          class="inline-flex items-center gap-2 px-3 py-1 bg-surface-container-lowest/20 rounded-full text-xs font-bold text-on-primary-container mb-6 tracking-wide uppercase"
        >
          <span
            class="material-symbols-outlined text-[14px]"
          >
            sensors
          </span>
          Testnet Live
        </div>
        <h1
          class="text-5xl lg:text-7xl font-medium text-on-primary-container leading-[1.1] mb-6 font-headline"
        >
          Turn unpaid invoices into 
          <span
            class="italic"
          >
            instant
          </span>
           liquidity
        </h1>
        <p
          class="text-lg text-on-primary-container/80 max-w-xl mb-10 leading-relaxed font-body"
        >
          ILN is an open-source invoice factoring protocol on Stellar. Get paid today by selling your receivables to global liquidity providers at a fair discount.
        </p>
        <div
          class="flex flex-wrap gap-4 mb-12"
        >
          <button
            class="bg-primary text-surface-container-lowest px-8 py-4 rounded-lg font-bold flex items-center gap-2 hover:translate-y-[-2px] transition-transform"
          >
            Submit an Invoice
            <span
              class="material-symbols-outlined"
            >
              arrow_forward
            </span>
          </button>
          <button
            class="border-2 border-outline-variant/40 text-on-primary-container px-8 py-4 rounded-lg font-bold hover:bg-surface-container-lowest/10 transition-colors"
          >
            Fund Invoices as LP
          </button>
        </div>
        <div
          class="flex items-center gap-8 text-on-primary-container/60"
        >
          <div
            class="flex items-center gap-2"
          >
            <span
              class="material-symbols-outlined text-sm"
            >
              verified
            </span>
            <span
              class="text-xs font-bold uppercase tracking-widest"
            >
              Built on Stellar
            </span>
          </div>
          <div
            class="flex items-center gap-2"
          >
            <span
              class="material-symbols-outlined text-sm"
            >
              code
            </span>
            <span
              class="text-xs font-bold uppercase tracking-widest"
            >
              Open Source
            </span>
          </div>
        </div>
      </div>
      <div
        class="relative"
      >
        <div
          class="bg-surface-container-lowest/10 backdrop-blur-sm p-12 rounded-xl border border-outline-variant/20"
        >
          <img
            alt="abstract architectural visualization"
            class="rounded-lg shadow-2xl opacity-90 mix-blend-multiply"
            src="https://lh3.googleusercontent.com/aida-public/AB6AXuBqIlwNMuQ-0dagaVXApB3Co1ckArbWO9b1rO_Zofm9vnD6IgSDZKehsyz-wOC3V_db6B5JYTgepJI-LHkzn0D0NS1-iPvoMsquVZJdWwcrWVQtwsf1LUfR02aqfyXV9n3-RYCcpqyXjUIBAZ4LP9xMNgyrFeq6_AcUHckbDqJTqIuudI93pKNYyfJp0gJY9roe-W3wQFtWSUnJWGj53wZF0GR44DCURkBFgqn_bMt_c3Gw9PBjkLmbUcDLv3jDufBGDRbdjLMjpcPm"
          />
          <div
            class="absolute inset-0 flex items-center justify-center"
          >
            <div
              class="grid grid-cols-3 gap-4 w-full px-8"
            >
              <div
                class="bg-surface-container-lowest p-4 rounded shadow-lg text-center flex flex-col items-center"
              >
                <span
                  class="material-symbols-outlined text-primary mb-2"
                >
                  person
                </span>
                <span
                  class="text-[10px] font-bold uppercase"
                >
                  Freelancer
                </span>
              </div>
              <div
                class="flex items-center justify-center"
              >
                <span
                  class="material-symbols-outlined text-surface-container-lowest text-3xl"
                >
                  swap_horiz
                </span>
              </div>
              <div
                class="bg-surface-container-lowest p-4 rounded shadow-lg text-center flex flex-col items-center"
              >
                <span
                  class="material-symbols-outlined text-primary mb-2"
                >
                  account_balance
                </span>
                <span
                  class="text-[10px] font-bold uppercase"
                >
                  LP
                </span>
              </div>
            </div>
          </div>
        </div>
      </div>
    </div>
  </header>
</DocumentFragment>
`;
